Script exception: Can't get session logs for a negative number of days (file:%%ROOT%%/scripts/catch_ash_exception_in_javascript.js#4)