Function 'max( string )' undefined.  This script may require a more recent version of KoLmafia and/or its supporting scripts. (test_empty_vararg_type_mismatch.ash, line 1, char 2 to char 5)
